Copyright 1986-2022 Xilinx, Inc. All Rights Reserved.
----------------------------------------------------------------------------------------------------------------------------------------
| Tool Version : Vivado v.2022.2 (win64) Build 3671981 Fri Oct 14 05:00:03 MDT 2022
| Date         : Sat Jun  6 15:01:01 2026
| Host         : laptop_zjy running 64-bit major release  (build 9200)
| Command      : report_qor_suggestions -file D:/AGENT_WORK_SPACE_FOR_CLAUDE/fpga_awp_template/vivado/rerun/qor_suggestions.rpt
| Design       : axil_2d_shift
| Device       : xc7z020
| Design State : Synthesized
| ML Models    : v2020.1.0
----------------------------------------------------------------------------------------------------------------------------------------

Report QoR Suggestions

Table of Contents
-----------------
1. QoR Suggestions Report Summary
2. ML Strategies
3. QoR Suggestions - Netlist

1. QoR Suggestions Report Summary
---------------------------------

+------------------+----------------+-----------+--------------+----------------+-----------+-------------+----------------------+------------------------------------------------------------------------------------------+-------------+
|       Name       |       Id       |   Status  | Generated At | Applicable For | Automatic |    Scope    | Incremental Friendly |                                        Description                                       |    Source   |
+------------------+----------------+-----------+--------------+----------------+-----------+-------------+----------------------+------------------------------------------------------------------------------------------+-------------+
| RQS_NETLIST-10-1 | RQS_NETLIST-10 | Generated | synth_design | synth_design   | Yes       | GLOBALSCOPE | No                   | Rebalance timing paths by forward and backward retiming.                                 | Current Run |
+------------------+----------------+-----------+--------------+----------------+-----------+-------------+----------------------+------------------------------------------------------------------------------------------+-------------+
* By default the number of failing paths is limited to 100. Use the -max_paths options to override.
** The design checks report may change until design is completely implemented/routed


2. ML Strategies
----------------

+---+----+---------+---------+
| # | Id | Command | Options |
+---+----+---------+---------+
* ML Strategies are available only in default/explore at successfully routed design.
** The design is not compatible for suggesting strategy, as it was not run using vivado implementation default or vivado implementation explore strategy.


3. QoR Suggestions - Netlist
----------------------------

+------------------+-------------+--------------+--------+-------+--------+--------+--------+----------------+-------+--------+--------------+-------------------+--------------------------------------+-----------------------------------------+
|       Name       | No of Paths | Logic Levels | Routes | Slack |  Req.  |  Skew  | Fanout | Datapath Delay | Cell% | Route% | Source Clock | Destination Clock |              Startpoint              |                 Endpoint                |
+------------------+-------------+--------------+--------+-------+--------+--------+--------+----------------+-------+--------+--------------+-------------------+--------------------------------------+-----------------------------------------+
| RQS_NETLIST-10-1 | 1           | 20           | 21     | 7.893 | 20.000 | -0.145 | -      | 11.971         | 43.90 | 56.10  | clk          | clk               | u_shift_addr_gen/img_rows_r_reg[4]/C | u_shift_addr_gen/step_mod_rows_reg[5]/D |
|                  | 1           | 20           | 21     | 7.923 | 20.000 | -0.145 | -      | 11.941         | 44.00 | 56.00  | clk          | clk               | u_shift_addr_gen/img_rows_r_reg[4]/C | u_shift_addr_gen/step_mod_rows_reg[7]/D |
|                  | 1           | 20           | 21     | 7.901 | 20.000 | -0.145 | -      | 11.963         | 43.80 | 56.20  | clk          | clk               | u_shift_addr_gen/img_cols_r_reg[4]/C | u_shift_addr_gen/step_mod_cols_reg[6]/D |
|                  | 1           | 21           | 22     | 7.410 | 20.000 | -0.145 | -      | 12.454         | 44.50 | 55.50  | clk          | clk               | u_shift_addr_gen/img_rows_r_reg[4]/C | u_shift_addr_gen/step_mod_rows_reg[9]/D |
|                  | 1           | 20           | 21     | 7.893 | 20.000 | -0.145 | -      | 11.971         | 43.90 | 56.10  | clk          | clk               | u_shift_addr_gen/img_cols_r_reg[4]/C | u_shift_addr_gen/step_mod_cols_reg[8]/D |
|                  | 1           | 21           | 22     | 7.410 | 20.000 | -0.145 | -      | 12.454         | 44.50 | 55.50  | clk          | clk               | u_shift_addr_gen/img_cols_r_reg[4]/C | u_shift_addr_gen/step_mod_cols_reg[9]/D |
|                  | 1           | 20           | 21     | 7.901 | 20.000 | -0.145 | -      | 11.963         | 43.80 | 56.20  | clk          | clk               | u_shift_addr_gen/img_rows_r_reg[4]/C | u_shift_addr_gen/step_mod_rows_reg[6]/D |
|                  | 1           | 20           | 21     | 7.893 | 20.000 | -0.145 | -      | 11.971         | 43.90 | 56.10  | clk          | clk               | u_shift_addr_gen/img_rows_r_reg[4]/C | u_shift_addr_gen/step_mod_rows_reg[8]/D |
|                  | 1           | 20           | 21     | 7.893 | 20.000 | -0.145 | -      | 11.971         | 43.90 | 56.10  | clk          | clk               | u_shift_addr_gen/img_cols_r_reg[4]/C | u_shift_addr_gen/step_mod_cols_reg[5]/D |
|                  | 1           | 20           | 21     | 7.923 | 20.000 | -0.145 | -      | 11.941         | 44.00 | 56.00  | clk          | clk               | u_shift_addr_gen/img_cols_r_reg[4]/C | u_shift_addr_gen/step_mod_cols_reg[7]/D |
|                  | 1           | 18           | 19     | 9.071 | 20.000 | -0.145 | -      | 10.793         | 46.40 | 53.60  | clk          | clk               | u_shift_addr_gen/img_rows_r_reg[4]/C | u_shift_addr_gen/step_mod_rows_reg[2]/D |
|                  | 1           | 19           | 20     | 8.466 | 20.000 | -0.145 | -      | 11.398         | 45.00 | 55.00  | clk          | clk               | u_shift_addr_gen/img_cols_r_reg[4]/C | u_shift_addr_gen/step_mod_cols_reg[4]/D |
|                  | 1           | 18           | 19     | 8.116 | 20.000 | -0.145 | -      | 11.748         | 42.60 | 57.40  | clk          | clk               | u_shift_addr_gen/img_rows_r_reg[4]/C | u_shift_addr_gen/step_mod_rows_reg[3]/D |
|                  | 1           | 19           | 20     | 8.466 | 20.000 | -0.145 | -      | 11.398         | 45.00 | 55.00  | clk          | clk               | u_shift_addr_gen/img_rows_r_reg[4]/C | u_shift_addr_gen/step_mod_rows_reg[4]/D |
|                  | 1           | 18           | 19     | 9.071 | 20.000 | -0.145 | -      | 10.793         | 46.40 | 53.60  | clk          | clk               | u_shift_addr_gen/img_cols_r_reg[4]/C | u_shift_addr_gen/step_mod_cols_reg[2]/D |
|                  | 1           | 18           | 19     | 8.116 | 20.000 | -0.145 | -      | 11.748         | 42.60 | 57.40  | clk          | clk               | u_shift_addr_gen/img_cols_r_reg[4]/C | u_shift_addr_gen/step_mod_cols_reg[3]/D |
+------------------+-------------+--------------+--------+-------+--------+--------+--------+----------------+-------+--------+--------------+-------------------+--------------------------------------+-----------------------------------------+


